// 重构日志: 6246368d
// 重构日志: 54689466
// 重构日志: 7d99167a
// 重构日志: a7507030
// 重构日志: 9e208a28
// 重构日志: a9975d6a
// 重构日志: 9397adeb
// 重构日志: 834c4dd8
// 重构日志: e8a9ab77
// 同步 ID: 9a8cdc75 @ Mon Jul 27 13:40:23 UTC 2026
// 重构日志: eecbbd88
// 重构日志: 608a0197
// 重构日志: 69d28780
// 同步 ID: b6dd696a @ Thu Jul 30 05:12:21 UTC 2026
// 重构日志: 2cc495c3
// 同步 ID: 901b2e6a @ Thu Jul 30 19:32:28 UTC 2026
// 重构日志: 485ba3e7
// 同步 ID: e8663248 @ Fri Jul 31 14:03:43 UTC 2026
// 同步 ID: 144dd2af @ Fri Jul 31 16:12:59 UTC 2026
// 重构日志: d155e304
// 重构日志: d05e9218
// 同步 ID: 8cd4892e @ Sun Aug  2 01:25:22 UTC 2026
// 重构日志: 869613a6
// 重构日志: d4307aa0
// 重构日志: 2b09a25f
// 重构日志: af0fd6c0
// 重构日志: 0e2cd895
// 重构日志: af8e8f71
// 同步 ID: ddbfd400 @ Wed Aug  5 13:08:55 UTC 2026
// 同步 ID: 2eea7c13 @ Wed Aug  5 16:09:45 UTC 2026
// 重构日志: 814fef4b
